// Jest Snapshot v1, https://goo.gl/fbAQLP

exports[`renders emailApp page 1`] = `
<div
  className="email-app"
>
  <div
    className="email-list"
  >
    <h1
      className="Inbox"
    >
      Â Inbox
    </h1>
    <div
      className="email-notselected"
      onClick={[Function]}
    >
      <h1>
        Putin
      </h1>
       
      <img
        alt="face"
        className="sideImage"
        src="face.png"
      />
      <h2>
        Dear Future Putin
      </h2>
       
      <h3>
        Hello Putin, 

 This is future Putin. Yo
      </h3>
       
    </div>
    <div
      className="email-notselected"
      onClick={[Function]}
    >
      <h1>
        George Bush
      </h1>
       
      <img
        alt="face"
        className="sideImage"
        src="face.png"
      />
      <h2>
        Golfing?
      </h2>
       
      <h3>
        Hello Putin, 

 Wanna go golfing again?
      </h3>
       
    </div>
    <div
      className="email-notselected"
      onClick={[Function]}
    >
      <h1>
        Tutorial
      </h1>
       
      <img
        alt="face"
        className="sideImage"
        src="face.png"
      />
      <h2>
        Tutorial #1
      </h2>
       
      <h3>
        Hello Putin! 

 Click Emails to view tut
      </h3>
       
    </div>
    <div
      className="email-notselected"
      onClick={[Function]}
    >
      <h1>
        Story
      </h1>
       
      <img
        alt="face"
        className="sideImage"
        src="face.png"
      />
      <h2>
        Story #1
      </h2>
       
      <h3>
        This is an important piece of informatio
      </h3>
       
    </div>
  </div>
  <div
    className="email-reader"
  />
</div>
`;
