// Jest Snapshot v1, https://goo.gl/fbAQLP

exports[`renders MapApp page 1`] = `null`;
